-- Automatically generated by QueryHashTestSuite
-- Number of queries: 12


-- !query
SELECT k AS k, COUNT(v) AS v FROM VALUES (1, 1) t(k, v) GROUP BY k
-- !query plan
Aggregate [k#x], [k#x, count(1) AS v#xL]
+- Project [k#x]
   +- LocalRelation [k#x, v#x]
-- !query semantic hash
-995904546
-- !query structural hash
1420779721


-- !query
SELECT k AS key, COUNT(v) AS v FROM VALUES (1, 1) t(k, v) GROUP BY key
-- !query plan
Aggregate [k#x], [k#x AS key#x, count(1) AS v#xL]
+- Project [k#x]
   +- LocalRelation [k#x, v#x]
-- !query semantic hash
-995904546
-- !query structural hash
1420779721


-- !query
SELECT k AS k, COUNT(v) AS v FROM VALUES (1, 1) t(v, k) GROUP BY k
-- !query plan
Aggregate [k#x], [k#x, count(1) AS v#xL]
+- Project [k#x]
   +- LocalRelation [v#x, k#x]
-- !query semantic hash
-995904546
-- !query structural hash
1420779721


-- !query
SELECT k, COUNT(v) AS v FROM VALUES (1, 1) t(k, v) GROUP BY k
-- !query plan
Aggregate [k#x], [k#x, count(1) AS v#xL]
+- Project [k#x]
   +- LocalRelation [k#x, v#x]
-- !query semantic hash
-995904546
-- !query structural hash
1420779721


-- !query
SELECT k, SUM(v) AS v FROM VALUES (1, 1) t(k, v) GROUP BY k
-- !query plan
Aggregate [k#x], [k#x, sum(cast(v#x as bigint)) AS v#xL]
+- LocalRelation [k#x, v#x]
-- !query semantic hash
-458077736
-- !query structural hash
-1629914384


-- !query
SELECT k, AVG(v) AS v FROM VALUES (1, 1) t(k, v) GROUP BY k
-- !query plan
Aggregate [k#x], [k#x, avg(cast(v#x as bigint)) AS v#x]
+- LocalRelation [k#x, v#x]
-- !query semantic hash
842308494
-- !query structural hash
-1629914384


-- !query
SELECT k, COUNT(v) AS v FROM VALUES (1, 2) t(k, v) GROUP BY k
-- !query plan
Aggregate [k#x], [k#x, count(1) AS v#xL]
+- Project [k#x]
   +- LocalRelation [k#x, v#x]
-- !query semantic hash
-1875038050
-- !query structural hash
1420779721


-- !query
SELECT COUNT(v) AS v, k AS k FROM VALUES (1, 1) t(k, v) GROUP BY 2
-- !query plan
Aggregate [k#x], [count(1) AS v#xL, k#x]
+- Project [k#x]
   +- LocalRelation [k#x, v#x]
-- !query semantic hash
-995904546
-- !query structural hash
1420779721


-- !query
SELECT k1, k2, COUNT(v) AS v FROM VALUES (1, 1, 1) t(k1, k2, v) GROUP BY k1, k2
-- !query plan
Aggregate [k1#x, k2#x], [k1#x, k2#x, count(1) AS v#xL]
+- Project [k1#x, k2#x]
   +- LocalRelation [k1#x, k2#x, v#x]
-- !query semantic hash
1930494720
-- !query structural hash
1420779721


-- !query
SELECT k2, k1, COUNT(v) AS v FROM VALUES (1, 1, 1) t(k1, k2, v) GROUP BY k2, k1
-- !query plan
Aggregate [k2#x, k1#x], [k2#x, k1#x, count(1) AS v#xL]
+- Project [k1#x, k2#x]
   +- LocalRelation [k1#x, k2#x, v#x]
-- !query semantic hash
1930494720
-- !query structural hash
1420779721


-- !query
SELECT k1, k2, COUNT(v) AS v FROM VALUES (1, 1, 1) t(k1, k2, v) GROUP BY 2, 1
-- !query plan
Aggregate [k2#x, k1#x], [k1#x, k2#x, count(1) AS v#xL]
+- Project [k1#x, k2#x]
   +- LocalRelation [k1#x, k2#x, v#x]
-- !query semantic hash
1930494720
-- !query structural hash
1420779721


-- !query
SELECT k AS k, COUNT(v) AS value
FROM (
  SELECT * FROM VALUES (1, 1) t(k, v)
)
GROUP BY k
-- !query plan
Aggregate [k#x], [k#x, count(1) AS value#xL]
+- Project [k#x]
   +- LocalRelation [k#x, v#x]
-- !query semantic hash
-995904546
-- !query structural hash
1420779721
