-- Automatically generated by QueryHashTestSuite
-- Number of queries: 21


-- !query
CREATE TABLE ft (a INT) USING parquet
-- !query plan
CreateDataSourceTableCommand `default`.`ft`, false
-- !query semantic hash
-2102834846
-- !query structural hash
1339761846


-- !query
CREATE TABLE dt1 (b INT) USING parquet
-- !query plan
CreateDataSourceTableCommand `default`.`dt1`, false
-- !query semantic hash
-162599574
-- !query structural hash
-1303337146


-- !query
CREATE TABLE dt2 (c INT) USING parquet
-- !query plan
CreateDataSourceTableCommand `default`.`dt2`, false
-- !query semantic hash
-533136558
-- !query structural hash
1662372610


-- !query
CREATE TABLE dt3 (d INT) USING parquet
-- !query plan
CreateDataSourceTableCommand `default`.`dt3`, false
-- !query semantic hash
-1682861376
-- !query structural hash
-1812897257


-- !query
SELECT * FROM ft INNER JOIN dt1 ON ft.a = dt1.b
-- !query plan
Join Inner, (a#x = b#x)
:- Filter isnotnull(a#x)
:  +- Relation[a#x] parquet
+- Filter isnotnull(b#x)
   +- Relation[b#x] parquet
-- !query semantic hash
706162971
-- !query structural hash
457527465


-- !query
SELECT * FROM ft LEFT OUTER JOIN dt1 ON ft.a = dt1.b
-- !query plan
Join LeftOuter, (a#x = b#x)
:- Relation[a#x] parquet
+- Filter isnotnull(b#x)
   +- Relation[b#x] parquet
-- !query semantic hash
86331962
-- !query structural hash
129603337


-- !query
SELECT * FROM ft RIGHT OUTER JOIN dt1 ON ft.a = dt1.b
-- !query plan
Join RightOuter, (a#x = b#x)
:- Filter isnotnull(a#x)
:  +- Relation[a#x] parquet
+- Relation[b#x] parquet
-- !query semantic hash
-1927017305
-- !query structural hash
1083352478


-- !query
SELECT * FROM ft, dt1, dt2
WHERE ft.a = dt1.b AND ft.a = dt2.c
-- !query plan
Join Inner, (a#x = c#x)
:- Join Inner, (a#x = b#x)
:  :- Filter isnotnull(a#x)
:  :  +- Relation[a#x] parquet
:  +- Filter isnotnull(b#x)
:     +- Relation[b#x] parquet
+- Filter isnotnull(c#x)
   +- Relation[c#x] parquet
-- !query semantic hash
1012554433
-- !query structural hash
1468456403


-- !query
SELECT * FROM ft, dt2, dt1
WHERE ft.a = dt2.c AND ft.a = dt1.b
-- !query plan
Join Inner, (a#x = b#x)
:- Join Inner, (a#x = c#x)
:  :- Filter isnotnull(a#x)
:  :  +- Relation[a#x] parquet
:  +- Filter isnotnull(c#x)
:     +- Relation[c#x] parquet
+- Filter isnotnull(b#x)
   +- Relation[b#x] parquet
-- !query semantic hash
1012554433
-- !query structural hash
1468456403


-- !query
SELECT * FROM ft, dt1, dt3
WHERE ft.a = dt1.b AND ft.a = dt3.d
-- !query plan
Join Inner, (a#x = d#x)
:- Join Inner, (a#x = b#x)
:  :- Filter isnotnull(a#x)
:  :  +- Relation[a#x] parquet
:  +- Filter isnotnull(b#x)
:     +- Relation[b#x] parquet
+- Filter isnotnull(d#x)
   +- Relation[d#x] parquet
-- !query semantic hash
1012554433
-- !query structural hash
1468456403


-- !query
SELECT * FROM ft, dt2, dt3
WHERE ft.a = dt2.c AND ft.a = dt3.d
-- !query plan
Join Inner, (a#x = d#x)
:- Join Inner, (a#x = c#x)
:  :- Filter isnotnull(a#x)
:  :  +- Relation[a#x] parquet
:  +- Filter isnotnull(c#x)
:     +- Relation[c#x] parquet
+- Filter isnotnull(d#x)
   +- Relation[d#x] parquet
-- !query semantic hash
1012554433
-- !query structural hash
1468456403


-- !query
SELECT * FROM ft, dt1, dt2, dt3
WHERE ft.a = dt1.b AND ft.a = dt2.c AND ft.a = dt3.d
-- !query plan
Join Inner, (a#x = d#x)
:- Join Inner, (a#x = c#x)
:  :- Join Inner, (a#x = b#x)
:  :  :- Filter isnotnull(a#x)
:  :  :  +- Relation[a#x] parquet
:  :  +- Filter isnotnull(b#x)
:  :     +- Relation[b#x] parquet
:  +- Filter isnotnull(c#x)
:     +- Relation[c#x] parquet
+- Filter isnotnull(d#x)
   +- Relation[d#x] parquet
-- !query semantic hash
-129295314
-- !query structural hash
-1117225162


-- !query
SELECT * FROM ft, dt1, dt2, dt3
WHERE ft.a = dt3.d AND ft.a = dt2.c AND ft.a = dt1.b
-- !query plan
Join Inner, (a#x = d#x)
:- Join Inner, (a#x = c#x)
:  :- Join Inner, (a#x = b#x)
:  :  :- Filter isnotnull(a#x)
:  :  :  +- Relation[a#x] parquet
:  :  +- Filter isnotnull(b#x)
:  :     +- Relation[b#x] parquet
:  +- Filter isnotnull(c#x)
:     +- Relation[c#x] parquet
+- Filter isnotnull(d#x)
   +- Relation[d#x] parquet
-- !query semantic hash
-129295314
-- !query structural hash
-1117225162


-- !query
SELECT * FROM ft, dt1, dt2, dt3
WHERE ft.a = dt2.c AND ft.a = dt3.d AND ft.a = dt1.b
-- !query plan
Join Inner, (a#x = d#x)
:- Join Inner, (a#x = c#x)
:  :- Join Inner, (a#x = b#x)
:  :  :- Filter isnotnull(a#x)
:  :  :  +- Relation[a#x] parquet
:  :  +- Filter isnotnull(b#x)
:  :     +- Relation[b#x] parquet
:  +- Filter isnotnull(c#x)
:     +- Relation[c#x] parquet
+- Filter isnotnull(d#x)
   +- Relation[d#x] parquet
-- !query semantic hash
-129295314
-- !query structural hash
-1117225162


-- !query
SELECT * FROM ft, dt3, dt2, dt1
WHERE ft.a = dt2.c AND ft.a = dt3.d AND ft.a = dt1.b
-- !query plan
Join Inner, (a#x = b#x)
:- Join Inner, (a#x = c#x)
:  :- Join Inner, (a#x = d#x)
:  :  :- Filter isnotnull(a#x)
:  :  :  +- Relation[a#x] parquet
:  :  +- Filter isnotnull(d#x)
:  :     +- Relation[d#x] parquet
:  +- Filter isnotnull(c#x)
:     +- Relation[c#x] parquet
+- Filter isnotnull(b#x)
   +- Relation[b#x] parquet
-- !query semantic hash
-129295314
-- !query structural hash
-1117225162


-- !query
SELECT * FROM ft, dt2, dt1, dt3
WHERE ft.a = dt2.c AND ft.a = dt3.d AND ft.a = dt1.b
-- !query plan
Join Inner, (a#x = d#x)
:- Join Inner, (a#x = b#x)
:  :- Join Inner, (a#x = c#x)
:  :  :- Filter isnotnull(a#x)
:  :  :  +- Relation[a#x] parquet
:  :  +- Filter isnotnull(c#x)
:  :     +- Relation[c#x] parquet
:  +- Filter isnotnull(b#x)
:     +- Relation[b#x] parquet
+- Filter isnotnull(d#x)
   +- Relation[d#x] parquet
-- !query semantic hash
-129295314
-- !query structural hash
-1117225162


-- !query
SELECT * FROM (
  SELECT a, c FROM ft, dt2 WHERE ft.a = dt2.c
) t, dt1, dt3
WHERE t.a = dt1.b AND t.a = dt3.d
-- !query plan
Join Inner, (a#x = d#x)
:- Join Inner, (a#x = b#x)
:  :- Join Inner, (a#x = c#x)
:  :  :- Filter isnotnull(a#x)
:  :  :  +- Relation[a#x] parquet
:  :  +- Filter isnotnull(c#x)
:  :     +- Relation[c#x] parquet
:  +- Filter isnotnull(b#x)
:     +- Relation[b#x] parquet
+- Filter isnotnull(d#x)
   +- Relation[d#x] parquet
-- !query semantic hash
-129295314
-- !query structural hash
-1117225162


-- !query
DROP TABLE ft
-- !query plan
DropTableCommand `default`.`ft`, false, false, false
-- !query semantic hash
-851854889
-- !query structural hash
-851854889


-- !query
DROP TABLE dt1
-- !query plan
DropTableCommand `default`.`dt1`, false, false, false
-- !query semantic hash
-1177609203
-- !query structural hash
-1177609203


-- !query
DROP TABLE dt2
-- !query plan
DropTableCommand `default`.`dt2`, false, false, false
-- !query semantic hash
1375747647
-- !query structural hash
1375747647


-- !query
DROP TABLE dt3
-- !query plan
DropTableCommand `default`.`dt3`, false, false, false
-- !query semantic hash
641650358
-- !query structural hash
641650358
