-- Automatically generated by QueryFingerprintTestSuite
-- Number of queries: 14


-- !query
CREATE TABLE ft (a INT) USING parquet
-- !query plan
CreateDataSourceTableCommand `default`.`ft`, false
-- !query fingerprint
-2102834846


-- !query
CREATE TABLE dt1 (b INT) USING parquet
-- !query plan
CreateDataSourceTableCommand `default`.`dt1`, false
-- !query fingerprint
-162599574


-- !query
CREATE TABLE dt2 (c INT) USING parquet
-- !query plan
CreateDataSourceTableCommand `default`.`dt2`, false
-- !query fingerprint
-533136558


-- !query
CREATE TABLE dt3 (d INT) USING parquet
-- !query plan
CreateDataSourceTableCommand `default`.`dt3`, false
-- !query fingerprint
-1682861376


-- !query
SELECT * FROM ft, dt1, dt2, dt3
WHERE ft.a = dt1.b AND ft.a = dt2.c AND ft.a = dt3.d
-- !query plan
Join Inner, (a#x = d#x)
:- Join Inner, (a#x = c#x)
:  :- Join Inner, (a#x = b#x)
:  :  :- Filter isnotnull(a#x)
:  :  :  +- Relation[a#x] parquet
:  :  +- Filter isnotnull(b#x)
:  :     +- Relation[b#x] parquet
:  +- Filter isnotnull(c#x)
:     +- Relation[c#x] parquet
+- Filter isnotnull(d#x)
   +- Relation[d#x] parquet
-- !query fingerprint
-672265379


-- !query
SELECT * FROM ft, dt1, dt2, dt3
WHERE ft.a = dt3.d AND ft.a = dt2.c AND ft.a = dt1.b
-- !query plan
Join Inner, (a#x = d#x)
:- Join Inner, (a#x = c#x)
:  :- Join Inner, (a#x = b#x)
:  :  :- Filter isnotnull(a#x)
:  :  :  +- Relation[a#x] parquet
:  :  +- Filter isnotnull(b#x)
:  :     +- Relation[b#x] parquet
:  +- Filter isnotnull(c#x)
:     +- Relation[c#x] parquet
+- Filter isnotnull(d#x)
   +- Relation[d#x] parquet
-- !query fingerprint
-672265379


-- !query
SELECT * FROM ft, dt1, dt2, dt3
WHERE ft.a = dt2.c AND ft.a = dt3.d AND ft.a = dt1.b
-- !query plan
Join Inner, (a#x = d#x)
:- Join Inner, (a#x = c#x)
:  :- Join Inner, (a#x = b#x)
:  :  :- Filter isnotnull(a#x)
:  :  :  +- Relation[a#x] parquet
:  :  +- Filter isnotnull(b#x)
:  :     +- Relation[b#x] parquet
:  +- Filter isnotnull(c#x)
:     +- Relation[c#x] parquet
+- Filter isnotnull(d#x)
   +- Relation[d#x] parquet
-- !query fingerprint
-672265379


-- !query
SELECT * FROM ft, dt3, dt2, dt1
WHERE ft.a = dt2.c AND ft.a = dt3.d AND ft.a = dt1.b
-- !query plan
Join Inner, (a#x = b#x)
:- Join Inner, (a#x = c#x)
:  :- Join Inner, (a#x = d#x)
:  :  :- Filter isnotnull(a#x)
:  :  :  +- Relation[a#x] parquet
:  :  +- Filter isnotnull(d#x)
:  :     +- Relation[d#x] parquet
:  +- Filter isnotnull(c#x)
:     +- Relation[c#x] parquet
+- Filter isnotnull(b#x)
   +- Relation[b#x] parquet
-- !query fingerprint
-125942598


-- !query
SELECT * FROM ft, dt2, dt1, dt3
WHERE ft.a = dt2.c AND ft.a = dt3.d AND ft.a = dt1.b
-- !query plan
Join Inner, (a#x = d#x)
:- Join Inner, (a#x = b#x)
:  :- Join Inner, (a#x = c#x)
:  :  :- Filter isnotnull(a#x)
:  :  :  +- Relation[a#x] parquet
:  :  +- Filter isnotnull(c#x)
:  :     +- Relation[c#x] parquet
:  +- Filter isnotnull(b#x)
:     +- Relation[b#x] parquet
+- Filter isnotnull(d#x)
   +- Relation[d#x] parquet
-- !query fingerprint
-674063494


-- !query
SELECT * FROM (
  SELECT a, c FROM ft, dt2 WHERE ft.a = dt2.c
) t, dt1, dt3
WHERE t.a = dt1.b AND t.a = dt3.d
-- !query plan
Join Inner, (a#x = d#x)
:- Join Inner, (a#x = b#x)
:  :- Join Inner, (a#x = c#x)
:  :  :- Filter isnotnull(a#x)
:  :  :  +- Relation[a#x] parquet
:  :  +- Filter isnotnull(c#x)
:  :     +- Relation[c#x] parquet
:  +- Filter isnotnull(b#x)
:     +- Relation[b#x] parquet
+- Filter isnotnull(d#x)
   +- Relation[d#x] parquet
-- !query fingerprint
-674063494


-- !query
DROP TABLE ft
-- !query plan
DropTableCommand `default`.`ft`, false, false, false
-- !query fingerprint
-851854889


-- !query
DROP TABLE dt1
-- !query plan
DropTableCommand `default`.`dt1`, false, false, false
-- !query fingerprint
-1177609203


-- !query
DROP TABLE dt2
-- !query plan
DropTableCommand `default`.`dt2`, false, false, false
-- !query fingerprint
1375747647


-- !query
DROP TABLE dt3
-- !query plan
DropTableCommand `default`.`dt3`, false, false, false
-- !query fingerprint
641650358
