-- Automatically generated by QueryFingerprintTestSuite
-- Number of queries: 5


-- !query
SELECT COUNT(v) AS v, k AS k FROM VALUES (1, 1) t(k, v) GROUP BY 2
-- !query plan
Aggregate [k#x], [count(1) AS v#xL, k#x]
+- Project [1 AS k#x]
   +- OneRowRelation
-- !query fingerprint
-687168322


-- !query
SELECT k AS k, COUNT(v) AS v FROM VALUES (1, 1) t(k, v) GROUP BY k
-- !query plan
Aggregate [k#x], [k#x, count(1) AS v#xL]
+- Project [1 AS k#x]
   +- OneRowRelation
-- !query fingerprint
-194192181


-- !query
SELECT k, COUNT(v) AS v FROM VALUES (1, 1) t(k, v) GROUP BY k
-- !query plan
Aggregate [k#x], [k#x, count(1) AS v#xL]
+- Project [1 AS k#x]
   +- OneRowRelation
-- !query fingerprint
-194192181


-- !query
SELECT k, COUNT(v) AS v FROM VALUES (1, 2) t(k, v) GROUP BY k
-- !query plan
Aggregate [k#x], [k#x, count(1) AS v#xL]
+- Project [1 AS k#x]
   +- OneRowRelation
-- !query fingerprint
-194192181


-- !query
SELECT a AS key, SUM(b) AS value
FROM (
  SELECT * FROM VALUES (1, 1) s(a, b)
)
GROUP BY a
-- !query plan
Aggregate [a#x], [a#x AS key#x, sum(cast(b#x as bigint)) AS value#xL]
+- Project [1 AS a#x, 1 AS b#x]
   +- OneRowRelation
-- !query fingerprint
2140489373
